// Jest Snapshot v1, https://goo.gl/fbAQLP

exports[`<NewTopicForm /> component rendering should render with given state from the Redux store 1`] = `
<section>
  <form
    onSubmit={[Function]}
  >
    <h1
      className="center"
    >
      Create a new topic
    </h1>
    <div
      className="form-section"
    >
      <input
        id="topic-name"
        onChange={[Function]}
        placeholder="Topic Name"
        type="text"
        value=""
      />
      <p
        hidden={true}
        id="nameError"
      >
        Please enter a topic name.
      </p>
      <select
        defaultValue="default"
        onChange={[Function]}
        required={true}
        role="MENU"
      >
        <option
          disabled={true}
          hidden={true}
          value="default"
        >
          Choose an icon
        </option>
        <option
          value="https://static-assets.codecademy.com/skillpaths/react-redux/redux-quiz-app/book.svg"
        >
          Book
        </option>
        <option
          value="https://static-assets.codecademy.com/skillpaths/react-redux/redux-quiz-app/balloon.svg"
        >
          Balloon
        </option>
        <option
          value="https://static-assets.codecademy.com/skillpaths/react-redux/redux-quiz-app/bird.svg"
        >
          Bird
        </option>
        <option
          value="https://static-assets.codecademy.com/skillpaths/react-redux/redux-quiz-app/calendar.svg"
        >
          Calendar
        </option>
        <option
          value="https://static-assets.codecademy.com/skillpaths/react-redux/redux-quiz-app/clover.svg"
        >
          Clover
        </option>
        <option
          value="https://static-assets.codecademy.com/skillpaths/react-redux/redux-quiz-app/crayons.svg"
        >
          Crayons
        </option>
        <option
          value="https://static-assets.codecademy.com/skillpaths/react-redux/redux-quiz-app/data-flow.svg"
        >
          Data
        </option>
        <option
          value="https://static-assets.codecademy.com/skillpaths/react-redux/redux-quiz-app/fence.svg"
        >
          Fence
        </option>
        <option
          value="https://static-assets.codecademy.com/skillpaths/react-redux/redux-quiz-app/grill.svg"
        >
          Grill
        </option>
        <option
          value="https://static-assets.codecademy.com/skillpaths/react-redux/redux-quiz-app/hand-drill.svg"
        >
          Hand
        </option>
        <option
          value="https://static-assets.codecademy.com/skillpaths/react-redux/redux-quiz-app/hat.svg"
        >
          Hat
        </option>
        <option
          value="https://static-assets.codecademy.com/skillpaths/react-redux/redux-quiz-app/internet.svg"
        >
          Internet
        </option>
        <option
          value="https://static-assets.codecademy.com/skillpaths/react-redux/redux-quiz-app/ladybug.svg"
        >
          Ladybug
        </option>
        <option
          value="https://static-assets.codecademy.com/skillpaths/react-redux/redux-quiz-app/leaves.svg"
        >
          Leaves
        </option>
        <option
          value="https://static-assets.codecademy.com/skillpaths/react-redux/redux-quiz-app/medicine.svg"
        >
          Medicine
        </option>
        <option
          value="https://static-assets.codecademy.com/skillpaths/react-redux/redux-quiz-app/nest.svg"
        >
          Nest
        </option>
        <option
          value="https://static-assets.codecademy.com/skillpaths/react-redux/redux-quiz-app/shuttlecock.svg"
        >
          Shuttlecock
        </option>
        <option
          value="https://static-assets.codecademy.com/skillpaths/react-redux/redux-quiz-app/spade.svg"
        >
          Spade
        </option>
        <option
          value="https://static-assets.codecademy.com/skillpaths/react-redux/redux-quiz-app/statistics.svg"
        >
          Statistics
        </option>
        <option
          value="https://static-assets.codecademy.com/skillpaths/react-redux/redux-quiz-app/sun.svg"
        >
          Sun
        </option>
        <option
          value="https://static-assets.codecademy.com/skillpaths/react-redux/redux-quiz-app/tree.svg"
        >
          Tree
        </option>
      </select>
      <p
        hidden={true}
        id="iconError"
      >
        Please select a topic icon.
      </p>
    </div>
    <button
      className="center"
    >
      Add Topic
    </button>
  </form>
</section>
`;
